Starting new Nautilus non-linear search (no previous samples found).
JAX: Applying vmap and jit to likelihood function -- may take a few seconds.
JAX: vmap and jit applied in 0.0002617835998535156 seconds.

            Running search where parallelization is disabled.
            
Fit Running: Updating results (see output folder).
Could not plot the source-plane via the Mapper because of a ValueError.
Could not plot the source-plane via the Mapper because of a ValueError.
Fit Running: Updating results (see output folder).
Could not plot the source-plane via the Mapper because of a ValueError.
Could not plot the source-plane via the Mapper because of a ValueError.
Fit Running: Updating results (see output folder).
Could not plot the source-plane via the Mapper because of a ValueError.
Could not plot the source-plane via the Mapper because of a ValueError.
Fit Running: Updating results (see output folder).
Could not plot the source-plane via the Mapper because of a ValueError.
Could not plot the source-plane via the Mapper because of a ValueError.
Fit Running: Updating results (see output folder).
Could not plot the source-plane via the Mapper because of a ValueError.
Could not plot the source-plane via the Mapper because of a ValueError.
Fit Running: Updating results (see output folder).
Could not plot the source-plane via the Mapper because of a ValueError.
Could not plot the source-plane via the Mapper because of a ValueError.
Fit Running: Updating results (see output folder).
Samples with weight less than 1e-10 removed from samples.csv.
Creating latent samples by drawing 100 from the PDF.
JAX: Applying vmap and jit to likelihood function for latent variables -- may take a few seconds.
JAX: vmap and jit applied in 0.0004949569702148438 seconds.
Could not plot the source-plane via the Mapper because of a ValueError.
Could not plot the source-plane via the Mapper because of a ValueError.
