Starting new Nautilus non-linear search (no previous samples found).
JAX: Applying vmap and jit to likelihood function -- may take a few seconds.
JAX: vmap and jit applied in 0.0003323554992675781 seconds.

            Running search where parallelization is disabled.
            
Unable to initialize backend 'rocm': module 'jaxlib.xla_extension' has no attribute 'GpuAllocatorConfig'
Unable to initialize backend 'tpu': INTERNAL: Failed to open libtpu.so: libtpu.so: cannot open shared object file: No such file or directory
Resuming Nautilus non-linear search (previous samples found).
JAX: Applying vmap and jit to likelihood function -- may take a few seconds.
JAX: vmap and jit applied in 0.00039696693420410156 seconds.

            Running search where parallelization is disabled.
            
Unable to initialize backend 'rocm': module 'jaxlib.xla_extension' has no attribute 'GpuAllocatorConfig'
Unable to initialize backend 'tpu': INTERNAL: Failed to open libtpu.so: libtpu.so: cannot open shared object file: No such file or directory
Fit Running: Updating results (see output folder).
Fit Running: Updating results (see output folder).
Fit Running: Updating results (see output folder).
Fit Running: Updating results (see output folder).
Fit Running: Updating results (see output folder).
Fit Running: Updating results (see output folder).
Fit Running: Updating results (see output folder).
Fit Running: Updating results (see output folder).
Fit Running: Updating results (see output folder).
Fit Running: Updating results (see output folder).
Fit Running: Updating results (see output folder).
Fit Running: Updating results (see output folder).
Fit Running: Updating results (see output folder).
Fit Running: Updating results (see output folder).
Fit Running: Updating results (see output folder).
Fit Running: Updating results (see output folder).
Fit Running: Updating results (see output folder).
Fit Running: Updating results (see output folder).
Fit Running: Updating results (see output folder).
Fit Running: Updating results (see output folder).
Fit Running: Updating results (see output folder).
Fit Running: Updating results (see output folder).
Fit Running: Updating results (see output folder).
Fit Running: Updating results (see output folder).
Fit Running: Updating results (see output folder).
Samples with weight less than 1e-10 removed from samples.csv.
Creating latent samples by drawing 100 from the PDF.
JAX: Applying vmap and jit to likelihood function for latent variables -- may take a few seconds.
JAX: vmap and jit applied in 0.0004930496215820312 seconds.
