Starting new Nautilus non-linear search (no previous samples found).
JAX: Applying vmap and jit to likelihood function -- may take a few seconds.
JAX: vmap and jit applied in 0.0003345012664794922 seconds.

            Running search where parallelization is disabled.
            
Fit Running: Updating results (see output folder).
Could not plot the source-plane via the Mapper because of a ValueError.
Could not plot the source-plane via the Mapper because of a ValueError.
Resuming Nautilus non-linear search (previous samples found).
JAX: Applying vmap and jit to likelihood function -- may take a few seconds.
JAX: vmap and jit applied in 0.0004596710205078125 seconds.

            Running search where parallelization is disabled.
            
Fit Running: Updating results (see output folder).
Could not plot the source-plane via the Mapper because of a ValueError.
Could not plot the source-plane via the Mapper because of a ValueError.
Could not plot the source-plane via the Mapper because of a ValueError.
Could not plot the source-plane via the Mapper because of a ValueError.
Fit Running: Updating results (see output folder).
Could not plot the source-plane via the Mapper because of a ValueError.
Could not plot the source-plane via the Mapper because of a ValueError.
Could not plot the source-plane via the Mapper because of a ValueError.
Could not plot the source-plane via the Mapper because of a ValueError.
Fit Running: Updating results (see output folder).
Could not plot the source-plane via the Mapper because of a ValueError.
Could not plot the source-plane via the Mapper because of a ValueError.
Could not plot the source-plane via the Mapper because of a ValueError.
Could not plot the source-plane via the Mapper because of a ValueError.
Fit Running: Updating results (see output folder).
Could not plot the source-plane via the Mapper because of a ValueError.
Could not plot the source-plane via the Mapper because of a ValueError.
Could not plot the source-plane via the Mapper because of a ValueError.
Could not plot the source-plane via the Mapper because of a ValueError.
Fit Running: Updating results (see output folder).
Samples with weight less than 1e-10 removed from samples.csv.
Creating latent samples by drawing 100 from the PDF.
JAX: Applying vmap and jit to likelihood function for latent variables -- may take a few seconds.
JAX: vmap and jit applied in 0.00035691261291503906 seconds.
Could not plot the source-plane via the Mapper because of a ValueError.
Could not plot the source-plane via the Mapper because of a ValueError.
Could not plot the source-plane via the Mapper because of a ValueError.
Could not plot the source-plane via the Mapper because of a ValueError.
