Starting new Nautilus non-linear search (no previous samples found).
JAX: Applying vmap and jit to likelihood function -- may take a few seconds.
JAX: vmap and jit applied in 0.0003235340118408203 seconds.

            Running search where parallelization is disabled.
            
Starting new Nautilus non-linear search (no previous samples found).
JAX: Applying vmap and jit to likelihood function -- may take a few seconds.
JAX: vmap and jit applied in 0.0003380775451660156 seconds.

            Running search where parallelization is disabled.
            
Resuming Nautilus non-linear search (previous samples found).
JAX: Applying vmap and jit to likelihood function -- may take a few seconds.
JAX: vmap and jit applied in 0.0002598762512207031 seconds.

            Running search where parallelization is disabled.
            
Resuming Nautilus non-linear search (previous samples found).
JAX: Applying vmap and jit to likelihood function -- may take a few seconds.
JAX: vmap and jit applied in 0.0002570152282714844 seconds.

            Running search where parallelization is disabled.
            
Fit Running: Updating results (see output folder).
Could not plot the source-plane via the Mapper because of a ValueError.
Could not plot the source-plane via the Mapper because of a ValueError.
Fit Running: Updating results (see output folder).
Could not plot the source-plane via the Mapper because of a ValueError.
Could not plot the source-plane via the Mapper because of a ValueError.
Fit Running: Updating results (see output folder).
Could not plot the source-plane via the Mapper because of a ValueError.
Could not plot the source-plane via the Mapper because of a ValueError.
Fit Running: Updating results (see output folder).
Could not plot the source-plane via the Mapper because of a ValueError.
Could not plot the source-plane via the Mapper because of a ValueError.
Fit Running: Updating results (see output folder).
Could not plot the source-plane via the Mapper because of a ValueError.
Could not plot the source-plane via the Mapper because of a ValueError.
Fit Running: Updating results (see output folder).
Could not plot the source-plane via the Mapper because of a ValueError.
Could not plot the source-plane via the Mapper because of a ValueError.
Fit Running: Updating results (see output folder).
Could not plot the source-plane via the Mapper because of a ValueError.
Could not plot the source-plane via the Mapper because of a ValueError.
Fit Running: Updating results (see output folder).
Could not plot the source-plane via the Mapper because of a ValueError.
Could not plot the source-plane via the Mapper because of a ValueError.
Fit Running: Updating results (see output folder).
Could not plot the source-plane via the Mapper because of a ValueError.
Could not plot the source-plane via the Mapper because of a ValueError.
Fit Running: Updating results (see output folder).
Could not plot the source-plane via the Mapper because of a ValueError.
Could not plot the source-plane via the Mapper because of a ValueError.
Fit Running: Updating results (see output folder).
Could not plot the source-plane via the Mapper because of a ValueError.
Could not plot the source-plane via the Mapper because of a ValueError.
Fit Running: Updating results (see output folder).
Could not plot the source-plane via the Mapper because of a ValueError.
Could not plot the source-plane via the Mapper because of a ValueError.
Resuming Nautilus non-linear search (previous samples found).
JAX: Applying vmap and jit to likelihood function -- may take a few seconds.
JAX: vmap and jit applied in 0.00022339820861816406 seconds.

            Running search where parallelization is disabled.
            
Fit Running: Updating results (see output folder).
Samples with weight less than 1e-10 removed from samples.csv.
Creating latent samples by drawing 100 from the PDF.
JAX: Applying vmap and jit to likelihood function for latent variables -- may take a few seconds.
JAX: vmap and jit applied in 0.00026917457580566406 seconds.
Could not plot the source-plane via the Mapper because of a ValueError.
Could not plot the source-plane via the Mapper because of a ValueError.
